..................................................F..................... [  1%]
...FF.........................................F........................F [  2%]
...............F......F................................................. [  3%]
........................................................................ [  4%]
........................................................................ [  5%]
...........F...s............s..................................s........ [  6%]
...........s............................................................ [  7%]
........................................................................ [  8%]
........................................................................ [  9%]
......................................................F................. [ 10%]
.......................................................................s [ 11%]
...s.................................................................... [ 12%]
........................................s..........................ss..s [ 14%]
s........................................ss............................. [ 15%]
........................................................................ [ 16%]
....................F.........F...........................s............s [ 17%]
FFF..................................................................... [ 18%]
........................................................................ [ 19%]
........................................................................ [ 20%]
........................................................................ [ 21%]
.........................................ssss.ss........................ [ 22%]
........................................................................ [ 23%]
...............................EXIT:124
