.................................................F...................... [  0%]
.............................................F.......................... [  1%]
........................................................................ [  2%]
........................................................................ [  3%]
........................................................................ [  4%]
..............ss........................................................ [  5%]
..s.s................................................................... [  6%]
.............s.......................................................... [  7%]
........................................................................ [  8%]
........................................................................ [  9%]
........................................................................ [ 10%]
........................................................................ [ 11%]
.....................s...s.............................................. [ 12%]
..............................................................s......... [ 13%]
.......................ss..ss........................................... [ 14%]
........................................................................ [ 15%]
.......Windows fatal exception: code 0xc0000139

Thread 0x00009e5c (most recent call first):
  File "C:\Users\wangj.KEVIN\AppData\Roaming\uv\python\cpython-3.12-windows-x86_64-none\Lib\concurrent\futures\thread.py", line 90 in _worker
  File "C:\Users\wangj.KEVIN\AppData\Roaming\uv\python\cpython-3.12-windows-x86_64-none\Lib\threading.py", line 1012 in run
  File "C:\Users\wangj.KEVIN\AppData\Roaming\uv\python\cpython-3.12-windows-x86_64-none\Lib\threading.py", line 1075 in _bootstrap_inner
  File "C:\Users\wangj.KEVIN\AppData\Roaming\uv\python\cpython-3.12-windows-x86_64-none\Lib\threading.py", line 1032 in _bootstrap

Thread 0x0000c0b8 (most recent call first):
  File "C:\Users\wangj.KEVIN\AppData\Roaming\uv\python\cpython-3.12-windows-x86_64-none\Lib\concurrent\futures\thread.py", line 90 in _worker
  File "C:\Users\wangj.KEVIN\AppData\Roaming\uv\python\cpython-3.12-windows-x86_64-none\Lib\threading.py", line 1012 in run
  File "C:\Users\wangj.KEVIN\AppData\Roaming\uv\python\cpython-3.12-windows-x86_64-none\Lib\threading.py", line 1075 in _bootstrap_inner
  File "C:\Users\wangj.KEVIN\AppData\Roaming\uv\python\cpython-3.12-windows-x86_64-none\Lib\threading.py", line 1032 in _bootstrap

Thread 0x0000b470 (most recent call first):
  File "C:\Users\wangj.KEVIN\AppData\Roaming\uv\python\cpython-3.12-windows-x86_64-none\Lib\concurrent\futures\thread.py", line 90 in _worker
  File "C:\Users\wangj.KEVIN\AppData\Roaming\uv\python\cpython-3.12-windows-x86_64-none\Lib\threading.py", line 1012 in run
  File "C:\Users\wangj.KEVIN\AppData\Roaming\uv\python\cpython-3.12-windows-x86_64-none\Lib\threading.py", line 1075 in _bootstrap_inner
  File "C:\Users\wangj.KEVIN\AppData\Roaming\uv\python\cpython-3.12-windows-x86_64-none\Lib\threading.py", line 1032 in _bootstrap

Thread 0x0000cd78 (most recent call first):
  File "C:\Users\wangj.KEVIN\AppData\Roaming\uv\python\cpython-3.12-windows-x86_64-none\Lib\concurrent\futures\thread.py", line 90 in _worker
  File "C:\Users\wangj.KEVIN\AppData\Roaming\uv\python\cpython-3.12-windows-x86_64-none\Lib\threading.py", line 1012 in run
  File "C:\Users\wangj.KEVIN\AppData\Roaming\uv\python\cpython-3.12-windows-x86_64-none\Lib\threading.py", line 1075 in _bootstrap_inner
  File "C:\Users\wangj.KEVIN\AppData\Roaming\uv\python\cpython-3.12-windows-x86_64-none\Lib\threading.py", line 1032 in _bootstrap

Thread 0x0000b3d8 (most recent call first):
  File "C:\Users\wangj.KEVIN\AppData\Roaming\uv\python\cpython-3.12-windows-x86_64-none\Lib\concurrent\futures\thread.py", line 90 in _worker
  File "C:\Users\wangj.KEVIN\AppData\Roaming\uv\python\cpython-3.12-windows-x86_64-none\Lib\threading.py", line 1012 in run
  File "C:\Users\wangj.KEVIN\AppData\Roaming\uv\python\cpython-3.12-windows-x86_64-none\Lib\threading.py", line 1075 in _bootstrap_inner
  File "C:\Users\wangj.KEVIN\AppData\Roaming\uv\python\cpython-3.12-windows-x86_64-none\Lib\threading.py", line 1032 in _bootstrap

Thread 0x0000c64c (most recent call first):
  File "C:\Users\wangj.KEVIN\AppData\Roaming\uv\python\cpython-3.12-windows-x86_64-none\Lib\concurrent\futures\thread.py", line 90 in _worker
  File "C:\Users\wangj.KEVIN\AppData\Roaming\uv\python\cpython-3.12-windows-x86_64-none\Lib\threading.py", line 1012 in run
  File "C:\Users\wangj.KEVIN\AppData\Roaming\uv\python\cpython-3.12-windows-x86_64-none\Lib\threading.py", line 1075 in _bootstrap_inner
  File "C:\Users\wangj.KEVIN\AppData\Roaming\uv\python\cpython-3.12-windows-x86_64-none\Lib\threading.py", line 1032 in _bootstrap

Thread 0x0000a98c (most recent call first):
  File "C:\Users\wangj.KEVIN\AppData\Roaming\uv\python\cpython-3.12-windows-x86_64-none\Lib\concurrent\futures\thread.py", line 90 in _worker
  File "C:\Users\wangj.KEVIN\AppData\Roaming\uv\python\cpython-3.12-windows-x86_64-none\Lib\threading.py", line 1012 in run
  File "C:\Users\wangj.KEVIN\AppData\Roaming\uv\python\cpython-3.12-windows-x86_64-none\Lib\threading.py", line 1075 in _bootstrap_inner
  File "C:\Users\wangj.KEVIN\AppData\Roaming\uv\python\cpython-3.12-windows-x86_64-none\Lib\threading.py", line 1032 in _bootstrap

Thread 0x0000e93c (most recent call first):
  File "C:\Users\wangj.KEVIN\AppData\Roaming\uv\python\cpython-3.12-windows-x86_64-none\Lib\concurrent\futures\thread.py", line 90 in _worker
  File "C:\Users\wangj.KEVIN\AppData\Roaming\uv\python\cpython-3.12-windows-x86_64-none\Lib\threading.py", line 1012 in run
  File "C:\Users\wangj.KEVIN\AppData\Roaming\uv\python\cpython-3.12-windows-x86_64-none\Lib\threading.py", line 1075 in _bootstrap_inner
  File "C:\Users\wangj.KEVIN\AppData\Roaming\uv\python\cpython-3.12-windows-x86_64-none\Lib\threading.py", line 1032 in _bootstrap

Thread 0x00004d18 (most recent call first):
  File "C:\Users\wangj.KEVIN\AppData\Roaming\uv\python\cpython-3.12-windows-x86_64-none\Lib\concurrent\futures\thread.py", line 90 in _worker
  File "C:\Users\wangj.KEVIN\AppData\Roaming\uv\python\cpython-3.12-windows-x86_64-none\Lib\threading.py", line 1012 in run
  File "C:\Users\wangj.KEVIN\AppData\Roaming\uv\python\cpython-3.12-windows-x86_64-none\Lib\threading.py", line 1075 in _bootstrap_inner
  File "C:\Users\wangj.KEVIN\AppData\Roaming\uv\python\cpython-3.12-windows-x86_64-none\Lib\threading.py", line 1032 in _bootstrap

Thread 0x0000568c (most recent call first):
  File "C:\Users\wangj.KEVIN\AppData\Roaming\uv\python\cpython-3.12-windows-x86_64-none\Lib\concurrent\futures\thread.py", line 90 in _worker
  File "C:\Users\wangj.KEVIN\AppData\Roaming\uv\python\cpython-3.12-windows-x86_64-none\Lib\threading.py", line 1012 in run
  File "C:\Users\wangj.KEVIN\AppData\Roaming\uv\python\cpython-3.12-windows-x86_64-none\Lib\threading.py", line 1075 in _bootstrap_inner
  File "C:\Users\wangj.KEVIN\AppData\Roaming\uv\python\cpython-3.12-windows-x86_64-none\Lib\threading.py", line 1032 in _bootstrap

Thread 0x0000db1c (most recent call first):
  File "C:\Users\wangj.KEVIN\AppData\Roaming\uv\python\cpython-3.12-windows-x86_64-none\Lib\concurrent\futures\thread.py", line 90 in _worker
  File "C:\Users\wangj.KEVIN\AppData\Roaming\uv\python\cpython-3.12-windows-x86_64-none\Lib\threading.py", line 1012 in run
  File "C:\Users\wangj.KEVIN\AppData\Roaming\uv\python\cpython-3.12-windows-x86_64-none\Lib\threading.py", line 1075 in _bootstrap_inner
  File "C:\Users\wangj.KEVIN\AppData\Roaming\uv\python\cpython-3.12-windows-x86_64-none\Lib\threading.py", line 1032 in _bootstrap

Thread 0x00002a70 (most recent call first):
  File "C:\Users\wangj.KEVIN\AppData\Roaming\uv\python\cpython-3.12-windows-x86_64-none\Lib\concurrent\futures\thread.py", line 90 in _worker
  File "C:\Users\wangj.KEVIN\AppData\Roaming\uv\python\cpython-3.12-windows-x86_64-none\Lib\threading.py", line 1012 in run
  File "C:\Users\wangj.KEVIN\AppData\Roaming\uv\python\cpython-3.12-windows-x86_64-none\Lib\threading.py", line 1075 in _bootstrap_inner
  File "C:\Users\wangj.KEVIN\AppData\Roaming\uv\python\cpython-3.12-windows-x86_64-none\Lib\threading.py", line 1032 in _bootstrap

Thread 0x00000de0 (most recent call first):
  File "C:\Users\wangj.KEVIN\AppData\Roaming\uv\python\cpython-3.12-windows-x86_64-none\Lib\concurrent\futures\thread.py", line 90 in _worker
  File "C:\Users\wangj.KEVIN\AppData\Roaming\uv\python\cpython-3.12-windows-x86_64-none\Lib\threading.py", line 1012 in run
  File "C:\Users\wangj.KEVIN\AppData\Roaming\uv\python\cpython-3.12-windows-x86_64-none\Lib\threading.py", line 1075 in _bootstrap_inner
  File "C:\Users\wangj.KEVIN\AppData\Roaming\uv\python\cpython-3.12-windows-x86_64-none\Lib\threading.py", line 1032 in _bootstrap

Thread 0x00003ce4 (most recent call first):
  File "C:\Users\wangj.KEVIN\AppData\Roaming\uv\python\cpython-3.12-windows-x86_64-none\Lib\concurrent\futures\thread.py", line 90 in _worker
  File "C:\Users\wangj.KEVIN\AppData\Roaming\uv\python\cpython-3.12-windows-x86_64-none\Lib\threading.py", line 1012 in run
  File "C:\Users\wangj.KEVIN\AppData\Roaming\uv\python\cpython-3.12-windows-x86_64-none\Lib\threading.py", line 1075 in _bootstrap_inner
  File "C:\Users\wangj.KEVIN\AppData\Roaming\uv\python\cpython-3.12-windows-x86_64-none\Lib\threading.py", line 1032 in _bootstrap

Thread 0x0000bea4 (most recent call first):
  File "C:\Users\wangj.KEVIN\AppData\Roaming\uv\python\cpython-3.12-windows-x86_64-none\Lib\concurrent\futures\thread.py", line 90 in _worker
  File "C:\Users\wangj.KEVIN\AppData\Roaming\uv\python\cpython-3.12-windows-x86_64-none\Lib\threading.py", line 1012 in run
  File "C:\Users\wangj.KEVIN\AppData\Roaming\uv\python\cpython-3.12-windows-x86_64-none\Lib\threading.py", line 1075 in _bootstrap_inner
  File "C:\Users\wangj.KEVIN\AppData\Roaming\uv\python\cpython-3.12-windows-x86_64-none\Lib\threading.py", line 1032 in _bootstrap

Thread 0x00004ac4 (most recent call first):
  File "C:\Users\wangj.KEVIN\AppData\Roaming\uv\python\cpython-3.12-windows-x86_64-none\Lib\concurrent\futures\thread.py", line 90 in _worker
  File "C:\Users\wangj.KEVIN\AppData\Roaming\uv\python\cpython-3.12-windows-x86_64-none\Lib\threading.py", line 1012 in run
  File "C:\Users\wangj.KEVIN\AppData\Roaming\uv\python\cpython-3.12-windows-x86_64-none\Lib\threading.py", line 1075 in _bootstrap_inner
  File "C:\Users\wangj.KEVIN\AppData\Roaming\uv\python\cpython-3.12-windows-x86_64-none\Lib\threading.py", line 1032 in _bootstrap

Thread 0x00008ef0 (most recent call first):
  File "C:\Users\wangj.KEVIN\AppData\Roaming\uv\python\cpython-3.12-windows-x86_64-none\Lib\concurrent\futures\thread.py", line 90 in _worker
  File "C:\Users\wangj.KEVIN\AppData\Roaming\uv\python\cpython-3.12-windows-x86_64-none\Lib\threading.py", line 1012 in run
  File "C:\Users\wangj.KEVIN\AppData\Roaming\uv\python\cpython-3.12-windows-x86_64-none\Lib\threading.py", line 1075 in _bootstrap_inner
  File "C:\Users\wangj.KEVIN\AppData\Roaming\uv\python\cpython-3.12-windows-x86_64-none\Lib\threading.py", line 1032 in _bootstrap

Thread 0x00002f24 (most recent call first):
  File "C:\Users\wangj.KEVIN\AppData\Roaming\uv\python\cpython-3.12-windows-x86_64-none\Lib\concurrent\futures\thread.py", line 90 in _worker
  File "C:\Users\wangj.KEVIN\AppData\Roaming\uv\python\cpython-3.12-windows-x86_64-none\Lib\threading.py", line 1012 in run
  File "C:\Users\wangj.KEVIN\AppData\Roaming\uv\python\cpython-3.12-windows-x86_64-none\Lib\threading.py", line 1075 in _bootstrap_inner
  File "C:\Users\wangj.KEVIN\AppData\Roaming\uv\python\cpython-3.12-windows-x86_64-none\Lib\threading.py", line 1032 in _bootstrap

Thread 0x00008708 (most recent call first):
  File "C:\Users\wangj.KEVIN\AppData\Roaming\uv\python\cpython-3.12-windows-x86_64-none\Lib\concurrent\futures\thread.py", line 90 in _worker
  File "C:\Users\wangj.KEVIN\AppData\Roaming\uv\python\cpython-3.12-windows-x86_64-none\Lib\threading.py", line 1012 in run
  File "C:\Users\wangj.KEVIN\AppData\Roaming\uv\python\cpython-3.12-windows-x86_64-none\Lib\threading.py", line 1075 in _bootstrap_inner
  File "C:\Users\wangj.KEVIN\AppData\Roaming\uv\python\cpython-3.12-windows-x86_64-none\Lib\threading.py", line 1032 in _bootstrap

Thread 0x0000e0e8 (most recent call first):
  File "C:\Users\wangj.KEVIN\AppData\Roaming\uv\python\cpython-3.12-windows-x86_64-none\Lib\threading.py", line 359 in wait
  File "C:\Users\wangj.KEVIN\AppData\Roaming\uv\python\cpython-3.12-windows-x86_64-none\Lib\threading.py", line 655 in wait
  File "C:\Users\wangj.KEVIN\projects\paleo-workbench-v8-sci\paleo_workbench\runtime\task_scheduler.py", line 531 in _worker_loop
  File "C:\Users\wangj.KEVIN\AppData\Roaming\uv\python\cpython-3.12-windows-x86_64-none\Lib\threading.py", line 1012 in run
  File "C:\Users\wangj.KEVIN\AppData\Roaming\uv\python\cpython-3.12-windows-x86_64-none\Lib\threading.py", line 1075 in _bootstrap_inner
  File "C:\Users\wangj.KEVIN\AppData\Roaming\uv\python\cpython-3.12-windows-x86_64-none\Lib\threading.py", line 1032 in _bootstrap

Thread 0x0000ade0 (most recent call first):
  File "C:\Users\wangj.KEVIN\AppData\Roaming\uv\python\cpython-3.12-windows-x86_64-none\Lib\threading.py", line 359 in wait
  File "C:\Users\wangj.KEVIN\AppData\Roaming\uv\python\cpython-3.12-windows-x86_64-none\Lib\threading.py", line 655 in wait
  File "C:\Users\wangj.KEVIN\projects\paleo-workbench-v8-sci\paleo_workbench\runtime\task_scheduler.py", line 531 in _worker_loop
  File "C:\Users\wangj.KEVIN\AppData\Roaming\uv\python\cpython-3.12-windows-x86_64-none\Lib\threading.py", line 1012 in run
  File "C:\Users\wangj.KEVIN\AppData\Roaming\uv\python\cpython-3.12-windows-x86_64-none\Lib\threading.py", line 1075 in _bootstrap_inner
  File "C:\Users\wangj.KEVIN\AppData\Roaming\uv\python\cpython-3.12-windows-x86_64-none\Lib\threading.py", line 1032 in _bootstrap

Thread 0x0000d83c (most recent call first):
  File "C:\Users\wangj.KEVIN\AppData\Roaming\uv\python\cpython-3.12-windows-x86_64-none\Lib\concurrent\futures\thread.py", line 90 in _worker
  File "C:\Users\wangj.KEVIN\AppData\Roaming\uv\python\cpython-3.12-windows-x86_64-none\Lib\threading.py", line 1012 in run
  File "C:\Users\wangj.KEVIN\AppData\Roaming\uv\python\cpython-3.12-windows-x86_64-none\Lib\threading.py", line 1075 in _bootstrap_inner
  File "C:\Users\wangj.KEVIN\AppData\Roaming\uv\python\cpython-3.12-windows-x86_64-none\Lib\threading.py", line 1032 in _bootstrap

Thread 0x0000ad20 (most recent call first):
  File "C:\Users\wangj.KEVIN\AppData\Roaming\uv\python\cpython-3.12-windows-x86_64-none\Lib\concurrent\futures\thread.py", line 90 in _worker
  File "C:\Users\wangj.KEVIN\AppData\Roaming\uv\python\cpython-3.12-windows-x86_64-none\Lib\threading.py", line 1012 in run
  File "C:\Users\wangj.KEVIN\AppData\Roaming\uv\python\cpython-3.12-windows-x86_64-none\Lib\threading.py", line 1075 in _bootstrap_inner
  File "C:\Users\wangj.KEVIN\AppData\Roaming\uv\python\cpython-3.12-windows-x86_64-none\Lib\threading.py", line 1032 in _bootstrap

Thread 0x00005a78 (most recent call first):
  File "C:\Users\wangj.KEVIN\AppData\Roaming\uv\python\cpython-3.12-windows-x86_64-none\Lib\concurrent\futures\thread.py", line 90 in _worker
  File "C:\Users\wangj.KEVIN\AppData\Roaming\uv\python\cpython-3.12-windows-x86_64-none\Lib\threading.py", line 1012 in run
  File "C:\Users\wangj.KEVIN\AppData\Roaming\uv\python\cpython-3.12-windows-x86_64-none\Lib\threading.py", line 1075 in _bootstrap_inner
  File "C:\Users\wangj.KEVIN\AppData\Roaming\uv\python\cpython-3.12-windows-x86_64-none\Lib\threading.py", line 1032 in _bootstrap

Thread 0x0000df24 (most recent call first):
  File "C:\Users\wangj.KEVIN\AppData\Roaming\uv\python\cpython-3.12-windows-x86_64-none\Lib\concurrent\futures\thread.py", line 90 in _worker
  File "C:\Users\wangj.KEVIN\AppData\Roaming\uv\python\cpython-3.12-windows-x86_64-none\Lib\threading.py", line 1012 in run
  File "C:\Users\wangj.KEVIN\AppData\Roaming\uv\python\cpython-3.12-windows-x86_64-none\Lib\threading.py", line 1075 in _bootstrap_inner
  File "C:\Users\wangj.KEVIN\AppData\Roaming\uv\python\cpython-3.12-windows-x86_64-none\Lib\threading.py", line 1032 in _bootstrap

Thread 0x00000f54 (most recent call first):
  File "C:\Users\wangj.KEVIN\AppData\Roaming\uv\python\cpython-3.12-windows-x86_64-none\Lib\asyncio\windows_events.py", line 774 in _poll
  File "C:\Users\wangj.KEVIN\AppData\Roaming\uv\python\cpython-3.12-windows-x86_64-none\Lib\asyncio\windows_events.py", line 445 in select
  File "C:\Users\wangj.KEVIN\AppData\Roaming\uv\python\cpython-3.12-windows-x86_64-none\Lib\asyncio\base_events.py", line 1961 in _run_once
  File "C:\Users\wangj.KEVIN\AppData\Roaming\uv\python\cpython-3.12-windows-x86_64-none\Lib\asyncio\base_events.py", line 645 in run_forever
  File "C:\Users\wangj.KEVIN\AppData\Roaming\uv\python\cpython-3.12-windows-x86_64-none\Lib\asyncio\windows_events.py", line 322 in run_forever
  File "C:\Users\wangj.KEVIN\AppData\Roaming\uv\python\cpython-3.12-windows-x86_64-none\Lib\threading.py", line 1012 in run
  File "C:\Users\wangj.KEVIN\AppData\Roaming\uv\python\cpython-3.12-windows-x86_64-none\Lib\threading.py", line 1075 in _bootstrap_inner
  File "C:\Users\wangj.KEVIN\AppData\Roaming\uv\python\cpython-3.12-windows-x86_64-none\Lib\threading.py", line 1032 in _bootstrap

Current thread 0x0000e8bc (most recent call first):
  File "C:\Users\wangj.KEVIN\projects\paleo-workbench-v8-sci\paleo_workbench\mapping\map_render_backend.py", line 1680 in _draw_raster_source
  File "C:\Users\wangj.KEVIN\projects\paleo-workbench-v8-sci\paleo_workbench\mapping\map_render_backend.py", line 1002 in _paint_composition
  File "C:\Users\wangj.KEVIN\projects\paleo-workbench-v8-sci\paleo_workbench\mapping\map_render_backend.py", line 839 in render_to_painter
  File "C:\Users\wangj.KEVIN\projects\paleo-workbench-v8-sci\tests\test_challenger_m2_iter3_concurrency_composer.py", line 669 in test_fallback_backend_all_7_layers_qpainter_render
  File "C:\Users\wangj.KEVIN\projects\paleo-workbench\.venv\Lib\site-packages\_pytest\python.py", line 167 in pytest_pyfunc_call
  File "C:\Users\wangj.KEVIN\projects\paleo-workbench\.venv\Lib\site-packages\pluggy\_callers.py", line 121 in _multicall
  File "C:\Users\wangj.KEVIN\projects\paleo-workbench\.venv\Lib\site-packages\pluggy\_manager.py", line 120 in _hookexec
  File "C:\Users\wangj.KEVIN\projects\paleo-workbench\.venv\Lib\site-packages\pluggy\_hooks.py", line 512 in __call__
  File "C:\Users\wangj.KEVIN\projects\paleo-workbench\.venv\Lib\site-packages\_pytest\python.py", line 1707 in runtest
  File "C:\Users\wangj.KEVIN\projects\paleo-workbench\.venv\Lib\site-packages\_pytest\runner.py", line 184 in pytest_runtest_call
  File "C:\Users\wangj.KEVIN\projects\paleo-workbench\.venv\Lib\site-packages\pluggy\_callers.py", line 121 in _multicall
  File "C:\Users\wangj.KEVIN\projects\paleo-workbench\.venv\Lib\site-packages\pluggy\_manager.py", line 120 in _hookexec
  File "C:\Users\wangj.KEVIN\projects\paleo-workbench\.venv\Lib\site-packages\pluggy\_hooks.py", line 512 in __call__
  File "C:\Users\wangj.KEVIN\projects\paleo-workbench\.venv\Lib\site-packages\_pytest\runner.py", line 250 in <lambda>
  File "C:\Users\wangj.KEVIN\projects\paleo-workbench\.venv\Lib\site-packages\_pytest\runner.py", line 361 in from_call
  File "C:\Users\wangj.KEVIN\projects\paleo-workbench\.venv\Lib\site-packages\_pytest\runner.py", line 249 in call_and_report
  File "C:\Users\wangj.KEVIN\projects\paleo-workbench\.venv\Lib\site-packages\_pytest\runner.py", line 139 in runtestprotocol
  File "C:\Users\wangj.KEVIN\projects\paleo-workbench\.venv\Lib\site-packages\_pytest\runner.py", line 118 in pytest_runtest_protocol
  File "C:\Users\wangj.KEVIN\projects\paleo-workbench\.venv\Lib\site-packages\pluggy\_callers.py", line 121 in _multicall
  File "C:\Users\wangj.KEVIN\projects\paleo-workbench\.venv\Lib\site-packages\pluggy\_manager.py", line 120 in _hookexec
  File "C:\Users\wangj.KEVIN\projects\paleo-workbench\.venv\Lib\site-packages\pluggy\_hooks.py", line 512 in __call__
  File "C:\Users\wangj.KEVIN\projects\paleo-workbench\.venv\Lib\site-packages\_pytest\main.py", line 408 in pytest_runtestloop
  File "C:\Users\wangj.KEVIN\projects\paleo-workbench\.venv\Lib\site-packages\pluggy\_callers.py", line 121 in _multicall
  File "C:\Users\wangj.KEVIN\projects\paleo-workbench\.venv\Lib\site-packages\pluggy\_manager.py", line 120 in _hookexec
  File "C:\Users\wangj.KEVIN\projects\paleo-workbench\.venv\Lib\site-packages\pluggy\_hooks.py", line 512 in __call__
  File "C:\Users\wangj.KEVIN\projects\paleo-workbench\.venv\Lib\site-packages\_pytest\main.py", line 384 in _main
  File "C:\Users\wangj.KEVIN\projects\paleo-workbench\.venv\Lib\site-packages\_pytest\main.py", line 330 in wrap_session
  File "C:\Users\wangj.KEVIN\projects\paleo-workbench\.venv\Lib\site-packages\_pytest\main.py", line 377 in pytest_cmdline_main
  File "C:\Users\wangj.KEVIN\projects\paleo-workbench\.venv\Lib\site-packages\pluggy\_callers.py", line 121 in _multicall
  File "C:\Users\wangj.KEVIN\projects\paleo-workbench\.venv\Lib\site-packages\pluggy\_manager.py", line 120 in _hookexec
  File "C:\Users\wangj.KEVIN\projects\paleo-workbench\.venv\Lib\site-packages\pluggy\_hooks.py", line 512 in __call__
  File "C:\Users\wangj.KEVIN\projects\paleo-workbench\.venv\Lib\site-packages\_pytest\config\__init__.py", line 229 in _main
  File "C:\Users\wangj.KEVIN\projects\paleo-workbench\.venv\Lib\site-packages\_pytest\config\__init__.py", line 253 in _console_main
  File "C:\Users\wangj.KEVIN\projects\paleo-workbench\.venv\Lib\site-packages\pytest\__main__.py", line 9 in <module>
  File "<frozen runpy>", line 88 in _run_code
  File "<frozen runpy>", line 198 in _run_module_as_main
...................................................F............. [ 16%]
..............s............sFFF......................................... [ 17%]
........................................................................ [ 18%]
........................................................................ [ 19%]
........................................................................ [ 20%]
.................................................................ssss.ss [ 21%]
FFFFF....................................................F.............. [ 22%]
........................................................................ [ 23%]
................................F.....................F....